// Jest Snapshot v1, https://goo.gl/fbAQLP

exports[`Foreseen instanciations does not throw: empty 1`] = `
Object {
  "cameras": Object {
    "defaultCamera": Object {},
  },
  "lights": Object {
    "defaultLight": Object {},
  },
  "materials": Object {
    "defaultMaterial": Object {},
  },
  "meshes": Object {
    "defaultMesh": Object {},
  },
  "renderers": Object {
    "defaultRenderer": Object {},
  },
}
`;
